// Jest Snapshot v1, https://goo.gl/fbAQLP

exports[`User Sagas should have the expected watchers 1`] = `
Object {
  "fork": Array [
    Object {
      "@@redux-saga/IO": true,
      "combinator": false,
      "payload": Object {
        "args": Array [
          "VIDEO_FETCH",
          "@@redux-saga-test-plan/json/function/fetch",
        ],
        "context": null,
        "fn": "@@redux-saga-test-plan/json/function/takeLatest",
      },
      "type": "FORK",
    },
    Object {
      "@@redux-saga/IO": true,
      "combinator": false,
      "payload": Object {
        "args": Array [
          "VIDEO_SHARING",
          "@@redux-saga-test-plan/json/function/share",
        ],
        "context": null,
        "fn": "@@redux-saga-test-plan/json/function/takeLatest",
      },
      "type": "FORK",
    },
  ],
  "take": Array [
    Object {
      "@@redux-saga/IO": true,
      "combinator": false,
      "payload": Object {
        "pattern": "VIDEO_FETCH",
      },
      "type": "TAKE",
    },
    Object {
      "@@redux-saga/IO": true,
      "combinator": false,
      "payload": Object {
        "pattern": "VIDEO_SHARING",
      },
      "type": "TAKE",
    },
  ],
}
`;
